CRITICAL:root:critical
ERROR:root:error
WARNING:root:warning
INFO:root:info
DEBUG:root:debug
CRITICAL:root:critical
ERROR:root:error
WARNING:root:warning
INFO:root:info
DEBUG:root:debug
CRITICAL:root:critical
ERROR:root:error
WARNING:root:warning
INFO:root:info
DEBUG:root:debug
CRITICAL:root:critical
ERROR:root:error
WARNING:root:warning
INFO:root:info
DEBUG:root:debug
CRITICAL:root:critical
ERROR:root:error
WARNING:root:warning
INFO:root:info
DEBUG:root:debug
CRITICAL:root:critical
ERROR:root:error
WARNING:root:warning
INFO:root:info
DEBUG:root:debug
CRITICAL:root:critical
ERROR:root:error
WARNING:root:warning
INFO:root:info
DEBUG:root:debug
CRITICAL:root:critical
ERROR:root:error
WARNING:root:warning
INFO:root:info
DEBUG:root:debug
CRITICAL:root:critical
ERROR:root:error
WARNING:root:warning
INFO:root:info
DEBUG:root:debug
CRITICAL:root:critical
ERROR:root:error
WARNING:root:warning
INFO:root:info
DEBUG:root:debug
CRITICAL:root:critical
ERROR:root:error
WARNING:root:warning
INFO:root:info
DEBUG:root:debug
CRITICAL:root:critical
ERROR:root:error
WARNING:root:warning
INFO:root:info
DEBUG:root:debug
CRITICAL:root:critical
ERROR:root:error
WARNING:root:warning
INFO:root:info
DEBUG:root:debug
CRITICAL:root:critical
ERROR:root:error
WARNING:root:warning
INFO:root:info
DEBUG:root:debug
CRITICAL:root:critical
ERROR:root:error
WARNING:root:warning
INFO:root:info
DEBUG:root:debug
CRITICAL:root:critical
ERROR:root:error
WARNING:root:warning
INFO:root:info
DEBUG:root:debug
CRITICAL:root:critical
ERROR:root:error
WARNING:root:warning
INFO:root:info
DEBUG:root:debug
CRITICAL:root:critical
ERROR:root:error
WARNING:root:warning
INFO:root:info
DEBUG:root:debug
CRITICAL:root:critical
ERROR:root:error
WARNING:root:warning
INFO:root:info
DEBUG:root:debug
CRITICAL:root:critical
ERROR:root:error
WARNING:root:warning
INFO:root:info
DEBUG:root:debug
CRITICAL:root:critical
ERROR:root:error
WARNING:root:warning
INFO:root:info
DEBUG:root:debug
CRITICAL:root:critical
ERROR:root:error
WARNING:root:warning
INFO:root:info
DEBUG:root:debug
CRITICAL:root:critical
ERROR:root:error
WARNING:root:warning
INFO:root:info
DEBUG:root:debug
CRITICAL:root:critical
ERROR:root:error
WARNING:root:warning
INFO:root:info
DEBUG:root:debug
CRITICAL:root:critical
ERROR:root:error
WARNING:root:warning
INFO:root:info
DEBUG:root:debug
CRITICAL:root:critical
ERROR:root:error
WARNING:root:warning
INFO:root:info
DEBUG:root:debug
CRITICAL:root:critical
ERROR:root:error
WARNING:root:warning
INFO:root:info
DEBUG:root:debug
CRITICAL:root:critical
ERROR:root:error
WARNING:root:warning
INFO:root:info
DEBUG:root:debug
CRITICAL:root:critical
ERROR:root:error
WARNING:root:warning
INFO:root:info
DEBUG:root:debug
